9FikhIq4XjzRRLTh8HFi1lLd8M5RTzNalgHBFGyQMno=KNmsGhppKhzmnMVeJRldoW2SU6O0nemmndP_--kBf3Q=IqNjlyvBfFpyOGcjAZU7GIsKb6kyVbUoHkyiMVuvmKo=F1PWStT6a6PunomO5iQns-kzDxwckxsqPJ0Is6K4LOA=MWrkC4SJkEWDpnVn_yVverr3kIr16wpcTMSaIfZ7vuA=h9IxOv8AXwNh6FlYBFhItzHv-ABI_YUN2KdmRTYD7I8=iqI-Z0WM9nzhLqNS9Flf_7dJ8erJOI96dfLifqxacaM=G2xSq-rwp82sDR-Cn6vHRKsUGQn-Pni_1Cgxpl60NCY=7jXgMn_pLEoPCwzvOKYEqssOJY2i6HzQdtHA7buCkz8=RvPC1MH-m5UgmNmf-cc4q2uKfbGydEF0xCFWKchPR8Q=