test-group: new-block
results:
  transactions: []
  minerData: eyJhY2NvdW50IjoiTm9NaW5lciIsInByZWRpY2F0ZSI6IjwiLCJwdWJsaWMta2V5cyI6W119
  transactionsHash: lL9ztEiU-NwzrlTpBbvhT4M1l5Shsht94OwFyhBaFD0
  outputsHash: BEQz1pUlcChPyoyxytWSEUb6rLYhlNrNGQF3ZvdpJIo
  payloadHash: HoLn0WedEj1xSAL4NJp0coL9ai_1nOaO_E37NSbHz0Y
  coinbase: eyJnYXMiOjAsInJlc3VsdCI6eyJzdGF0dXMiOiJzdWNjZXNzIiwiZGF0YSI6IldyaXRlIHN1Y2NlZWRlZCJ9LCJyZXFLZXkiOiJJamRxV0dkTmJsOXdURVZ2VUVOM2VuWlBTMWxGY1hOelQwcFpNbWsyU0hwUlpIUklRVGRpZFVOcmVqZ2kiLCJsb2dzIjoiSWlvZlY0UGQwdG4zb0g3bFRId3BhempYVzdfR202RDhwdTNUa3NjZTRCcyIsIm1ldGFEYXRhIjpudWxsLCJjb250aW51YXRpb24iOm51bGwsInR4SWQiOjV9
