DEN68RbBTk17fCWPNLS-Q-OOrDwKwVTuOtuucUolf2M=IBfQ0whYuX5ggnLsTpfmqGlshTLohAeAycI79GAF1tI=_7LZaMZlrIJw6WFnlQi6r9BJZDOhYW10omUCqiekBlY=2xsYJr3lGtvYhk1HmbCvrFq1JixZhjCXA4_c8Yz5HYk=wT5hzlPNK0UkC6tfTNiUS8mYe9ny-svW3NWPu6eZP4M=b9tOyIXqMeONOhysBYPtDx5--GLeQjnvzjZsWFHWPEs=q8LRjBQ_SoVlJF_NQMMQknixv3yOJ0m1tmsQLqA46wc=_x2-IZ-V3R8eEBFNxgA0hsxEYhoXwFrYW9YXvrzNVPI=j6nyh3abswa4tn1145tczZVZZGWoJI2etJQKmG0yhZ0=HmwSRWHpdEDSRMy4F06SJx6s8bkYqEj4vsURTVKU7-g=