cD590ltEOSYiqKnIwWKnEq8T9dRuxtTX5l55uyyvxiI=P7XN5g5dV0w37Rc4fa_4rXZgtRb9OZldf8Nb897qd9w=7FP_uYZq5qPGB6Wc8hUUzRrKhd2XRzsyWwSqbQ1iGJs=tRAndV-ZO43ctaqJRlqAcQvxZoiHl5rbARj6L8RLqFw=jC1I_x-ULoh9zZW5OIBdqhH9wP8dTx73_2gq0vY0DdM=2OJiVRHzeuyIYXu3ZIpQigGpX-oFQaBv433V3WP6afI=mw8aR0hcFQ7OgroDG7u739AtB2BNxcqE4jFxt99ATAs=t8h2rzP9Bp1Uve2eaEglYKdGfKZihTsCCD3SgLxCvSY=xGyqNQddqxAUWluA1jWONZRNtO1sZBxCJCDblNlPpB8=GQEotOaTNXq1EiidCKPj3iH0SjmdwRxAh5KgseWeLZY=