xuVWkNdJ7HffJu-Q8-5JGxZmxiO1bXRC-jYyAMMJEnE=08BBjzucVEIYljMWkOLpJNndYmPiHioREtGbhP_xQNU=x3Wl8lmU4xAUn_NB7u7yFTBBkj4_SaNSO3bvW-FW9a0=ScUWb7ilmrK2P-rj7SE-8EgS7KuDy2KoNLPBtVQf3Kw=7eSs3tDjtuALff-YzTr8AMdTRjnUym7ldC41TVtTVK4=pD_yVbjGHSlV6Nhhqv5Y7isPmabeV4TnkuZr72NmYtU=Q4fP5M_PCpLScudrsML04iAJlkhiHrWsW6u_r02etyU=vIHLxM_UZc5_7mrWw0qSpPHEVgyTSPWjj36V0OgChYY=ewJkOv_QXfDIkdLBoaaim48gaBwQlSJG4m2RtQOfHFE=X770ufHsiZh_GLSvPBUHexjb4LUbHCDfdBtUfw2QNaU=CCj__MnHGXCoAhWewIRh91lkxIRTPDG8ya_sKJ--078=HraSjCcjHsM7ORckFnFcKgwL9MVvW6s-HEUg3RU23bE=RNMCrtMH6zAPohy68_VIg3Ahsu-MJ0_-3DGZojkFe68=lDVFW3h0Ulwz8bU92VFpkF5VwHGWw4w3887kI4-SN5Q=ymtLCmQjVIKNwkLvbFB-8ByukTVTKMuw5-PhnPwV_OA=R4dw0xsYD3sKbtnPtAvGrLB4cYx6wL6skaWyjXYwPLQ=cE4JgOAPonU4bLKn0FtL10qio97gZVDTYcsSqzoWaYQ=Kl2uMTfYHoWn2kJr-niOby1PNdgjk0sDPs6-wRqnVtU=RtTh6UCgV_jjhIXYukbAJVYQrmtAzKyWYMijbiqVArY=woCDjOpfYfIu_IoFv55hzbHBh5HDbEyQXfRMu7-4cuE=