uOfxNXKYjEKIih98Xnzq-K4WcYUgwWJD2sqtCpCMWMA=HfPRCeJmG1dC3TYCL03SoYKG0ng8KDzwnFOMwQoRQY8=xjbpEfYb6Y_kwe-wAm5jOJMI7gBRkclDP5_C4lJOjBI=FGA2BcszSjG_0ePcPPvoRKtiQtsQ5aGKKIQA3N7LQok=ZzurW86x6y-RlzNnGPYGA1SBOGjSROVSjGjTuw0oKbU=pewUky6_TQDOnEOaNF0FHe55NEPvs7TOepvYTcA8fd8=2kP-HOP84DuMSF-HFTvtEBNVwZMkSPKDdxOGJ84zeMg=5cRmNs3Zf9jDSktowpQC4M2oVo0dVLlVx72BBs6aL80=lsBlSyYsq0YVGDif6RYNFTp-l2CrcwBQNqgxTB6rJWE=euMyv9CfR44-SpOfw7jo-ZBbdEOw0IlnRg3J1Iz6IUU=